// Jest Snapshot v1, https://goo.gl/fbAQLP

exports[`Header should render  Heading Component 1`] = `
<div
  className="heading"
  style={
    Object {
      "width": undefined,
    }
  }
>
  <h3>
    tic tac toe
  </h3>
</div>
`;
